main.c:791:13:MX_GPIO_Init	48	static
main.c:118:6:stepper_initialize	8	static
main.c:150:6:timer2_start_stop	16	static
main.c:161:5:tur_hesapla	8	static
main.c:196:6:paket_parser	64	static
main.c:256:6:array_kontrol_func	16	static
main.c:355:6:adim_dondurme_packet	8	static
main.c:370:6:READ_ADC	8	static
main.c:381:6:bekleme_fonksiyon	0	static
main.c:392:6:HAL_TIM_PeriodElapsedCallback	8	static
main.c:425:6:HAL_UART_RxCpltCallback	8	static
main.c:430:6:HAL_UART_TxCpltCallback	8	static
main.c:436:9:motor_is_yap	8	static
main.c:834:6:Error_Handler	0	static
main.c:676:13:MX_TIM2_Init	32	static
main.c:641:13:MX_RTC_Init	8	static
main.c:587:13:MX_ADC_Init	16	static
main.c:756:13:MX_USART2_UART_Init	8	static
main.c:721:13:MX_USART1_UART_Init	8	static
main.c:534:6:SystemClock_Config	120	static
main.c:466:5:main	16	static
