Archive member included to satisfy reference by file (symbol)

d:/programlar/attolic/truestudio for stm32 9.3.0/armtools/bin/../lib/gcc/arm-atollic-eabi/6.3.1/../../../../arm-atollic-eabi/lib/armv6-m\libc_nano.a(lib_a-errno.o)
                              Core\Src\syscalls.o (__errno)
d:/programlar/attolic/truestudio for stm32 9.3.0/armtools/bin/../lib/gcc/arm-atollic-eabi/6.3.1/../../../../arm-atollic-eabi/lib/armv6-m\libc_nano.a(lib_a-impure.o)
                              d:/programlar/attolic/truestudio for stm32 9.3.0/armtools/bin/../lib/gcc/arm-atollic-eabi/6.3.1/../../../../arm-atollic-eabi/lib/armv6-m\libc_nano.a(lib_a-errno.o) (_impure_ptr)
d:/programlar/attolic/truestudio for stm32 9.3.0/armtools/bin/../lib/gcc/arm-atollic-eabi/6.3.1/../../../../arm-atollic-eabi/lib/armv6-m\libc_nano.a(lib_a-init.o)
                              startup\startup_stm32l053xx.o (__libc_init_array)
d:/programlar/attolic/truestudio for stm32 9.3.0/armtools/bin/../lib/gcc/arm-atollic-eabi/6.3.1/../../../../arm-atollic-eabi/lib/armv6-m\libc_nano.a(lib_a-memset.o)
                              Core\Src\main.o (memset)
d:/programlar/attolic/truestudio for stm32 9.3.0/armtools/bin/../lib/gcc/arm-atollic-eabi/6.3.1/armv6-m\libgcc.a(_udivsi3.o)
                              Core\Src\system_stm32l0xx.o (__aeabi_uidiv)
d:/programlar/attolic/truestudio for stm32 9.3.0/armtools/bin/../lib/gcc/arm-atollic-eabi/6.3.1/armv6-m\libgcc.a(_divsi3.o)
                              Core\Src\main.o (__aeabi_idiv)
d:/programlar/attolic/truestudio for stm32 9.3.0/armtools/bin/../lib/gcc/arm-atollic-eabi/6.3.1/armv6-m\libgcc.a(_dvmd_tls.o)
                              d:/programlar/attolic/truestudio for stm32 9.3.0/armtools/bin/../lib/gcc/arm-atollic-eabi/6.3.1/armv6-m\libgcc.a(_udivsi3.o) (__aeabi_idiv0)
d:/programlar/attolic/truestudio for stm32 9.3.0/armtools/bin/../lib/gcc/arm-atollic-eabi/6.3.1/armv6-m\libgcc.a(_aeabi_uldivmod.o)
                              Drivers\STM32L0xx_HAL_Driver\Src\stm32l0xx_hal_rcc.o (__aeabi_uldivmod)
d:/programlar/attolic/truestudio for stm32 9.3.0/armtools/bin/../lib/gcc/arm-atollic-eabi/6.3.1/armv6-m\libgcc.a(_muldi3.o)
                              Drivers\STM32L0xx_HAL_Driver\Src\stm32l0xx_hal_rcc.o (__aeabi_lmul)
d:/programlar/attolic/truestudio for stm32 9.3.0/armtools/bin/../lib/gcc/arm-atollic-eabi/6.3.1/armv6-m\libgcc.a(_udivmoddi4.o)
                              d:/programlar/attolic/truestudio for stm32 9.3.0/armtools/bin/../lib/gcc/arm-atollic-eabi/6.3.1/armv6-m\libgcc.a(_aeabi_uldivmod.o) (__udivmoddi4)
d:/programlar/attolic/truestudio for stm32 9.3.0/armtools/bin/../lib/gcc/arm-atollic-eabi/6.3.1/armv6-m\libgcc.a(_clzdi2.o)
                              d:/programlar/attolic/truestudio for stm32 9.3.0/armtools/bin/../lib/gcc/arm-atollic-eabi/6.3.1/armv6-m\libgcc.a(_udivmoddi4.o) (__clzdi2)
d:/programlar/attolic/truestudio for stm32 9.3.0/armtools/bin/../lib/gcc/arm-atollic-eabi/6.3.1/armv6-m\libgcc.a(_clzsi2.o)
                              d:/programlar/attolic/truestudio for stm32 9.3.0/armtools/bin/../lib/gcc/arm-atollic-eabi/6.3.1/armv6-m\libgcc.a(_clzdi2.o) (__clzsi2)

Allocating common symbols
Common symbol       size              file

pres                0x4               Core\Src\main.o
excel_emir_no_array
                    0x2               Core\Src\main.o
Gl_tur              0x5               Core\Src\main.o
data_satir_sayisi   0x2               Core\Src\main.o
Gl_step             0x5               Core\Src\main.o
uwTick              0x4               Drivers\STM32L0xx_HAL_Driver\Src\stm32l0xx_hal.o
pFlash              0x18              Drivers\STM32L0xx_HAL_Driver\Src\stm32l0xx_hal_flash.o
bir                 0x1               Core\Src\main.o
motor_istenen_tur_sayisi
                    0x1               Core\Src\main.o
iki                 0x1               Core\Src\main.o
huart1              0x84              Core\Src\main.o
excel_emir_tekrar_sayisi_array
                    0x2               Core\Src\main.o
hrtc                0x24              Core\Src\main.o
Gl_sol_flag         0x1               Core\Src\main.o
Gl_sag_flag         0x1               Core\Src\main.o
excel_bekleme_suresi_array
                    0x2               Core\Src\main.o
count               0x4               Core\Src\main.o
excel_adim_sayisi_array
                    0x4               Core\Src\main.o
uc                  0x1               Core\Src\main.o
toplam              0x1               Core\Src\main.o
Gl_frekans          0x5               Core\Src\main.o
htim2               0x40              Core\Src\main.o
huart2              0x84              Core\Src\main.o
GL_frekans_degeri   0x4               Core\Src\main.o
Gl_saniye           0x5               Core\Src\main.o
sifir               0x1               Core\Src\main.o
hadc                0x5c              Core\Src\main.o
Gl_adim_dondurme_flag
                    0x1               Core\Src\main.o

Discarded input sections

[...]
Memory Configuration

Name             Origin             Length             Attributes
RAM              0x20000000         0x00002000         xrw
FLASH            0x08000000         0x00010000         xr
*default*        0x00000000         0xffffffff

Linker script and memory map

LOAD d:/programlar/attolic/truestudio for stm32 9.3.0/armtools/bin/../lib/gcc/arm-atollic-eabi/6.3.1/armv6-m/crti.o
LOAD d:/programlar/attolic/truestudio for stm32 9.3.0/armtools/bin/../lib/gcc/arm-atollic-eabi/6.3.1/armv6-m/crtbegin.o
LOAD Core\Src\main.o
LOAD Core\Src\stm32l0xx_hal_msp.o
LOAD Core\Src\stm32l0xx_it.o
LOAD Core\Src\syscalls.o
LOAD Core\Src\system_stm32l0xx.o
LOAD Drivers\STM32L0xx_HAL_Driver\Src\stm32l0xx_hal.o
LOAD Drivers\STM32L0xx_HAL_Driver\Src\stm32l0xx_hal_adc.o
LOAD Drivers\STM32L0xx_HAL_Driver\Src\stm32l0xx_hal_adc_ex.o
LOAD Drivers\STM32L0xx_HAL_Driver\Src\stm32l0xx_hal_cortex.o
LOAD Drivers\STM32L0xx_HAL_Driver\Src\stm32l0xx_hal_dma.o
LOAD Drivers\STM32L0xx_HAL_Driver\Src\stm32l0xx_hal_exti.o
LOAD Drivers\STM32L0xx_HAL_Driver\Src\stm32l0xx_hal_flash.o
LOAD Drivers\STM32L0xx_HAL_Driver\Src\stm32l0xx_hal_flash_ex.o
LOAD Drivers\STM32L0xx_HAL_Driver\Src\stm32l0xx_hal_flash_ramfunc.o
LOAD Drivers\STM32L0xx_HAL_Driver\Src\stm32l0xx_hal_gpio.o
LOAD Drivers\STM32L0xx_HAL_Driver\Src\stm32l0xx_hal_i2c.o
LOAD Drivers\STM32L0xx_HAL_Driver\Src\stm32l0xx_hal_i2c_ex.o
LOAD Drivers\STM32L0xx_HAL_Driver\Src\stm32l0xx_hal_pwr.o
LOAD Drivers\STM32L0xx_HAL_Driver\Src\stm32l0xx_hal_pwr_ex.o
LOAD Drivers\STM32L0xx_HAL_Driver\Src\stm32l0xx_hal_rcc.o
LOAD Drivers\STM32L0xx_HAL_Driver\Src\stm32l0xx_hal_rcc_ex.o
LOAD Drivers\STM32L0xx_HAL_Driver\Src\stm32l0xx_hal_rtc.o
LOAD Drivers\STM32L0xx_HAL_Driver\Src\stm32l0xx_hal_rtc_ex.o
LOAD Drivers\STM32L0xx_HAL_Driver\Src\stm32l0xx_hal_tim.o
LOAD Drivers\STM32L0xx_HAL_Driver\Src\stm32l0xx_hal_tim_ex.o
LOAD Drivers\STM32L0xx_HAL_Driver\Src\stm32l0xx_hal_uart.o
LOAD Drivers\STM32L0xx_HAL_Driver\Src\stm32l0xx_hal_uart_ex.o
LOAD startup\startup_stm32l053xx.o
                0x00000080                malloc_getpagesize_P = 0x80
START GROUP
LOAD d:/programlar/attolic/truestudio for stm32 9.3.0/armtools/bin/../lib/gcc/arm-atollic-eabi/6.3.1/../../../../arm-atollic-eabi/lib/armv6-m\libc_nano.a
LOAD d:/programlar/attolic/truestudio for stm32 9.3.0/armtools/bin/../lib/gcc/arm-atollic-eabi/6.3.1/../../../../arm-atollic-eabi/lib/armv6-m\libm.a
END GROUP
START GROUP
LOAD d:/programlar/attolic/truestudio for stm32 9.3.0/armtools/bin/../lib/gcc/arm-atollic-eabi/6.3.1/armv6-m\libgcc.a
LOAD d:/programlar/attolic/truestudio for stm32 9.3.0/armtools/bin/../lib/gcc/arm-atollic-eabi/6.3.1/../../../../arm-atollic-eabi/lib/armv6-m\libc_nano.a
END GROUP
START GROUP
LOAD d:/programlar/attolic/truestudio for stm32 9.3.0/armtools/bin/../lib/gcc/arm-atollic-eabi/6.3.1/armv6-m\libgcc.a
LOAD d:/programlar/attolic/truestudio for stm32 9.3.0/armtools/bin/../lib/gcc/arm-atollic-eabi/6.3.1/../../../../arm-atollic-eabi/lib/armv6-m\libc_nano.a
LOAD d:/programlar/attolic/truestudio for stm32 9.3.0/armtools/bin/../lib/gcc/arm-atollic-eabi/6.3.1/../../../../arm-atollic-eabi/lib/armv6-m\libnosys.a
END GROUP
START GROUP
LOAD d:/programlar/attolic/truestudio for stm32 9.3.0/armtools/bin/../lib/gcc/arm-atollic-eabi/6.3.1/armv6-m\libgcc.a
LOAD d:/programlar/attolic/truestudio for stm32 9.3.0/armtools/bin/../lib/gcc/arm-atollic-eabi/6.3.1/../../../../arm-atollic-eabi/lib/armv6-m\libc_nano.a
LOAD d:/programlar/attolic/truestudio for stm32 9.3.0/armtools/bin/../lib/gcc/arm-atollic-eabi/6.3.1/../../../../arm-atollic-eabi/lib/armv6-m\libnosys.a
END GROUP
LOAD d:/programlar/attolic/truestudio for stm32 9.3.0/armtools/bin/../lib/gcc/arm-atollic-eabi/6.3.1/armv6-m/crtend.o
LOAD d:/programlar/attolic/truestudio for stm32 9.3.0/armtools/bin/../lib/gcc/arm-atollic-eabi/6.3.1/armv6-m/crtn.o
                0x20002000                _estack = 0x20002000
                0x00000200                _Min_Heap_Size = 0x200
                0x00000400                _Min_Stack_Size = 0x400

.isr_vector     0x08000000       0xc0
                0x08000000                . = ALIGN (0x4)
 *(.isr_vector)
 .isr_vector    0x08000000       0xc0 startup\startup_stm32l053xx.o
                0x08000000                g_pfnVectors
                0x080000c0                . = ALIGN (0x4)

.text           0x080000c0     0x324c
                0x080000c0                . = ALIGN (0x4)
 *(.text)
 .text          0x080000c0       0x48 d:/programlar/attolic/truestudio for stm32 9.3.0/armtools/bin/../lib/gcc/arm-atollic-eabi/6.3.1/armv6-m/crtbegin.o
 .text          0x08000108      0x114 d:/programlar/attolic/truestudio for stm32 9.3.0/armtools/bin/../lib/gcc/arm-atollic-eabi/6.3.1/armv6-m\libgcc.a(_udivsi3.o)
                0x08000108                __aeabi_uidiv
                0x08000108                __udivsi3
                0x08000214                __aeabi_uidivmod
 .text          0x0800021c        0x4 d:/programlar/attolic/truestudio for stm32 9.3.0/armtools/bin/../lib/gcc/arm-atollic-eabi/6.3.1/armv6-m\libgcc.a(_dvmd_tls.o)
                0x0800021c                __aeabi_idiv0
                0x0800021c                __aeabi_ldiv0
 .text          0x08000220       0x40 d:/programlar/attolic/truestudio for stm32 9.3.0/armtools/bin/../lib/gcc/arm-atollic-eabi/6.3.1/armv6-m\libgcc.a(_aeabi_uldivmod.o)
                0x08000220                __aeabi_uldivmod
 .text          0x08000260       0x54 d:/programlar/attolic/truestudio for stm32 9.3.0/armtools/bin/../lib/gcc/arm-atollic-eabi/6.3.1/armv6-m\libgcc.a(_muldi3.o)
                0x08000260                __muldi3
                0x08000260                __aeabi_lmul
 .text          0x080002b4      0x180 d:/programlar/attolic/truestudio for stm32 9.3.0/armtools/bin/../lib/gcc/arm-atollic-eabi/6.3.1/armv6-m\libgcc.a(_udivmoddi4.o)
                0x080002b4                __udivmoddi4
 .text          0x08000434       0x18 d:/programlar/attolic/truestudio for stm32 9.3.0/armtools/bin/../lib/gcc/arm-atollic-eabi/6.3.1/armv6-m\libgcc.a(_clzdi2.o)
                0x08000434                __clzdi2
 .text          0x0800044c       0x3c d:/programlar/attolic/truestudio for stm32 9.3.0/armtools/bin/../lib/gcc/arm-atollic-eabi/6.3.1/armv6-m\libgcc.a(_clzsi2.o)
                0x0800044c                __clzsi2
 *(.text*)
 .text.MX_GPIO_Init
                0x08000488       0x84 Core\Src\main.o
 .text.stepper_initialize
                0x0800050c       0x4a Core\Src\main.o
                0x0800050c                stepper_initialize
 *fill*         0x08000556        0x2 
 .text.paket_parser
                0x08000558      0x19c Core\Src\main.o
                0x08000558                paket_parser
 .text.array_kontrol_func
                0x080006f4      0x1d8 Core\Src\main.o
                0x080006f4                array_kontrol_func
 .text.HAL_TIM_PeriodElapsedCallback
                0x080008cc       0xa4 Core\Src\main.o
                0x080008cc                HAL_TIM_PeriodElapsedCallback
 .text.HAL_UART_RxCpltCallback
                0x08000970       0x18 Core\Src\main.o
                0x08000970                HAL_UART_RxCpltCallback
 .text.HAL_UART_TxCpltCallback
                0x08000988       0x18 Core\Src\main.o
                0x08000988                HAL_UART_TxCpltCallback
 .text.motor_is_yap
                0x080009a0       0x54 Core\Src\main.o
                0x080009a0                motor_is_yap
 .text.Error_Handler
                0x080009f4        0x4 Core\Src\main.o
                0x080009f4                Error_Handler
 .text.MX_TIM2_Init
                0x080009f8       0x74 Core\Src\main.o
 .text.MX_RTC_Init
                0x08000a6c       0x34 Core\Src\main.o
 .text.MX_ADC_Init
                0x08000aa0       0x80 Core\Src\main.o
 .text.MX_USART2_UART_Init
                0x08000b20       0x38 Core\Src\main.o
 .text.MX_USART1_UART_Init
                0x08000b58       0x38 Core\Src\main.o
 .text.SystemClock_Config
                0x08000b90       0xac Core\Src\main.o
                0x08000b90                SystemClock_Config
 .text.main     0x08000c3c       0x78 Core\Src\main.o
                0x08000c3c                main
 .text.HAL_MspInit
                0x08000cb4       0x2c Core\Src\stm32l0xx_hal_msp.o
                0x08000cb4                HAL_MspInit
 .text.HAL_ADC_MspInit
                0x08000ce0       0x64 Core\Src\stm32l0xx_hal_msp.o
                0x08000ce0                HAL_ADC_MspInit
 .text.HAL_RTC_MspInit
                0x08000d44       0x20 Core\Src\stm32l0xx_hal_msp.o
                0x08000d44                HAL_RTC_MspInit
 .text.HAL_TIM_Base_MspInit
                0x08000d64       0x30 Core\Src\stm32l0xx_hal_msp.o
                0x08000d64                HAL_TIM_Base_MspInit
 .text.HAL_UART_MspInit
                0x08000d94       0xbc Core\Src\stm32l0xx_hal_msp.o
                0x08000d94                HAL_UART_MspInit
 .text.NMI_Handler
                0x08000e50        0x2 Core\Src\stm32l0xx_it.o
                0x08000e50                NMI_Handler
 .text.HardFault_Handler
                0x08000e52        0x2 Core\Src\stm32l0xx_it.o
                0x08000e52                HardFault_Handler
 .text.SVC_Handler
                0x08000e54        0x2 Core\Src\stm32l0xx_it.o
                0x08000e54                SVC_Handler
 .text.PendSV_Handler
                0x08000e56        0x2 Core\Src\stm32l0xx_it.o
                0x08000e56                PendSV_Handler
 .text.SysTick_Handler
                0x08000e58        0x8 Core\Src\stm32l0xx_it.o
                0x08000e58                SysTick_Handler
 .text.RCC_CRS_IRQHandler
                0x08000e60        0x2 Core\Src\stm32l0xx_it.o
                0x08000e60                RCC_CRS_IRQHandler
 *fill*         0x08000e62        0x2 
 .text.ADC1_COMP_IRQHandler
                0x08000e64       0x10 Core\Src\stm32l0xx_it.o
                0x08000e64                ADC1_COMP_IRQHandler
 .text.TIM2_IRQHandler
                0x08000e74       0x10 Core\Src\stm32l0xx_it.o
                0x08000e74                TIM2_IRQHandler
 .text.USART1_IRQHandler
                0x08000e84       0x10 Core\Src\stm32l0xx_it.o
                0x08000e84                USART1_IRQHandler
 .text.USART2_IRQHandler
                0x08000e94       0x10 Core\Src\stm32l0xx_it.o
                0x08000e94                USART2_IRQHandler
 .text.SystemInit
                0x08000ea4        0x2 Core\Src\system_stm32l0xx.o
                0x08000ea4                SystemInit
 *fill*         0x08000ea6        0x2 
 .text.HAL_InitTick
                0x08000ea8       0x4c Drivers\STM32L0xx_HAL_Driver\Src\stm32l0xx_hal.o
                0x08000ea8                HAL_InitTick
 .text.HAL_Init
                0x08000ef4       0x28 Drivers\STM32L0xx_HAL_Driver\Src\stm32l0xx_hal.o
                0x08000ef4                HAL_Init
 .text.HAL_IncTick
                0x08000f1c       0x18 Drivers\STM32L0xx_HAL_Driver\Src\stm32l0xx_hal.o
                0x08000f1c                HAL_IncTick
 .text.HAL_GetTick
                0x08000f34        0xc Drivers\STM32L0xx_HAL_Driver\Src\stm32l0xx_hal.o
                0x08000f34                HAL_GetTick
 .text.HAL_Delay
                0x08000f40       0x24 Drivers\STM32L0xx_HAL_Driver\Src\stm32l0xx_hal.o
                0x08000f40                HAL_Delay
 .text.ADC_DelayMicroSecond
                0x08000f64       0x30 Drivers\STM32L0xx_HAL_Driver\Src\stm32l0xx_hal_adc.o
 .text.HAL_ADC_Init
                0x08000f94      0x1f4 Drivers\STM32L0xx_HAL_Driver\Src\stm32l0xx_hal_adc.o
                0x08000f94                HAL_ADC_Init
 .text.HAL_ADC_ConvCpltCallback
                0x08001188        0x2 Drivers\STM32L0xx_HAL_Driver\Src\stm32l0xx_hal_adc.o
                0x08001188                HAL_ADC_ConvCpltCallback
 .text.HAL_ADC_LevelOutOfWindowCallback
                0x0800118a        0x2 Drivers\STM32L0xx_HAL_Driver\Src\stm32l0xx_hal_adc.o
                0x0800118a                HAL_ADC_LevelOutOfWindowCallback
 .text.HAL_ADC_ErrorCallback
                0x0800118c        0x2 Drivers\STM32L0xx_HAL_Driver\Src\stm32l0xx_hal_adc.o
                0x0800118c                HAL_ADC_ErrorCallback
 *fill*         0x0800118e        0x2 
 .text.HAL_ADC_IRQHandler
                0x08001190       0xe4 Drivers\STM32L0xx_HAL_Driver\Src\stm32l0xx_hal_adc.o
                0x08001190                HAL_ADC_IRQHandler
 .text.HAL_ADC_ConfigChannel
                0x08001274       0xe0 Drivers\STM32L0xx_HAL_Driver\Src\stm32l0xx_hal_adc.o
                0x08001274                HAL_ADC_ConfigChannel
 .text.HAL_NVIC_SetPriority
                0x08001354       0x60 Drivers\STM32L0xx_HAL_Driver\Src\stm32l0xx_hal_cortex.o
                0x08001354                HAL_NVIC_SetPriority
 .text.HAL_NVIC_EnableIRQ
                0x080013b4       0x18 Drivers\STM32L0xx_HAL_Driver\Src\stm32l0xx_hal_cortex.o
                0x080013b4                HAL_NVIC_EnableIRQ
 .text.HAL_SYSTICK_Config
                0x080013cc       0x38 Drivers\STM32L0xx_HAL_Driver\Src\stm32l0xx_hal_cortex.o
                0x080013cc                HAL_SYSTICK_Config
 .text.HAL_DMA_Abort
                0x08001404       0x48 Drivers\STM32L0xx_HAL_Driver\Src\stm32l0xx_hal_dma.o
                0x08001404                HAL_DMA_Abort
 .text.HAL_DMA_Abort_IT
                0x0800144c       0x4e Drivers\STM32L0xx_HAL_Driver\Src\stm32l0xx_hal_dma.o
                0x0800144c                HAL_DMA_Abort_IT
 *fill*         0x0800149a        0x2 
 .text.HAL_GPIO_Init
                0x0800149c      0x188 Drivers\STM32L0xx_HAL_Driver\Src\stm32l0xx_hal_gpio.o
                0x0800149c                HAL_GPIO_Init
 .text.HAL_GPIO_WritePin
                0x08001624        0xc Drivers\STM32L0xx_HAL_Driver\Src\stm32l0xx_hal_gpio.o
                0x08001624                HAL_GPIO_WritePin
 .text.HAL_RCC_GetSysClockFreq
                0x08001630       0xb0 Drivers\STM32L0xx_HAL_Driver\Src\stm32l0xx_hal_rcc.o
                0x08001630                HAL_RCC_GetSysClockFreq
 .text.HAL_RCC_OscConfig
                0x080016e0      0x590 Drivers\STM32L0xx_HAL_Driver\Src\stm32l0xx_hal_rcc.o
                0x080016e0                HAL_RCC_OscConfig
 .text.HAL_RCC_ClockConfig
                0x08001c70      0x1d8 Drivers\STM32L0xx_HAL_Driver\Src\stm32l0xx_hal_rcc.o
                0x08001c70                HAL_RCC_ClockConfig
 .text.HAL_RCC_GetHCLKFreq
                0x08001e48        0xc Drivers\STM32L0xx_HAL_Driver\Src\stm32l0xx_hal_rcc.o
                0x08001e48                HAL_RCC_GetHCLKFreq
 .text.HAL_RCC_GetPCLK1Freq
                0x08001e54       0x20 Drivers\STM32L0xx_HAL_Driver\Src\stm32l0xx_hal_rcc.o
                0x08001e54                HAL_RCC_GetPCLK1Freq
 .text.HAL_RCC_GetPCLK2Freq
                0x08001e74       0x20 Drivers\STM32L0xx_HAL_Driver\Src\stm32l0xx_hal_rcc.o
                0x08001e74                HAL_RCC_GetPCLK2Freq
 .text.HAL_RCCEx_PeriphCLKConfig
                0x08001e94      0x1fc Drivers\STM32L0xx_HAL_Driver\Src\stm32l0xx_hal_rcc_ex.o
                0x08001e94                HAL_RCCEx_PeriphCLKConfig
 .text.HAL_RTC_WaitForSynchro
                0x08002090       0x32 Drivers\STM32L0xx_HAL_Driver\Src\stm32l0xx_hal_rtc.o
                0x08002090                HAL_RTC_WaitForSynchro
 .text.RTC_EnterInitMode
                0x080020c2       0x3a Drivers\STM32L0xx_HAL_Driver\Src\stm32l0xx_hal_rtc.o
                0x080020c2                RTC_EnterInitMode
 .text.HAL_RTC_Init
                0x080020fc       0xd8 Drivers\STM32L0xx_HAL_Driver\Src\stm32l0xx_hal_rtc.o
                0x080020fc                HAL_RTC_Init
 .text.TIM_Base_SetConfig
                0x080021d4       0x64 Drivers\STM32L0xx_HAL_Driver\Src\stm32l0xx_hal_tim.o
 .text.TIM_TI1_ConfigInputStage
                0x08002238       0x22 Drivers\STM32L0xx_HAL_Driver\Src\stm32l0xx_hal_tim.o
 *fill*         0x0800225a        0x2 
 .text.TIM_TI2_ConfigInputStage
                0x0800225c       0x28 Drivers\STM32L0xx_HAL_Driver\Src\stm32l0xx_hal_tim.o
 .text.TIM_ITRx_SetConfig
                0x08002284       0x12 Drivers\STM32L0xx_HAL_Driver\Src\stm32l0xx_hal_tim.o
 *fill*         0x08002296        0x2 
 .text.TIM_ETR_SetConfig
                0x08002298       0x18 Drivers\STM32L0xx_HAL_Driver\Src\stm32l0xx_hal_tim.o
 .text.HAL_TIM_Base_Init
                0x080022b0       0x48 Drivers\STM32L0xx_HAL_Driver\Src\stm32l0xx_hal_tim.o
                0x080022b0                HAL_TIM_Base_Init
 .text.HAL_TIM_Base_Start_IT
                0x080022f8       0x60 Drivers\STM32L0xx_HAL_Driver\Src\stm32l0xx_hal_tim.o
                0x080022f8                HAL_TIM_Base_Start_IT
 .text.HAL_TIM_ConfigClockSource
                0x08002358       0xfc Drivers\STM32L0xx_HAL_Driver\Src\stm32l0xx_hal_tim.o
                0x08002358                HAL_TIM_ConfigClockSource
 .text.HAL_TIM_OC_DelayElapsedCallback
                0x08002454        0x2 Drivers\STM32L0xx_HAL_Driver\Src\stm32l0xx_hal_tim.o
                0x08002454                HAL_TIM_OC_DelayElapsedCallback
 .text.HAL_TIM_IC_CaptureCallback
                0x08002456        0x2 Drivers\STM32L0xx_HAL_Driver\Src\stm32l0xx_hal_tim.o
                0x08002456                HAL_TIM_IC_CaptureCallback
 .text.HAL_TIM_PWM_PulseFinishedCallback
                0x08002458        0x2 Drivers\STM32L0xx_HAL_Driver\Src\stm32l0xx_hal_tim.o
                0x08002458                HAL_TIM_PWM_PulseFinishedCallback
 .text.HAL_TIM_TriggerCallback
                0x0800245a        0x2 Drivers\STM32L0xx_HAL_Driver\Src\stm32l0xx_hal_tim.o
                0x0800245a                HAL_TIM_TriggerCallback
 .text.HAL_TIM_IRQHandler
                0x0800245c      0x122 Drivers\STM32L0xx_HAL_Driver\Src\stm32l0xx_hal_tim.o
                0x0800245c                HAL_TIM_IRQHandler
 *fill*         0x0800257e        0x2 
 .text.HAL_TIMEx_MasterConfigSynchronization
                0x08002580       0x64 Drivers\STM32L0xx_HAL_Driver\Src\stm32l0xx_hal_tim_ex.o
                0x08002580                HAL_TIMEx_MasterConfigSynchronization
 .text.UART_EndRxTransfer
                0x080025e4       0x60 Drivers\STM32L0xx_HAL_Driver\Src\stm32l0xx_hal_uart.o
 .text.UART_EndTransmit_IT
                0x08002644       0x28 Drivers\STM32L0xx_HAL_Driver\Src\stm32l0xx_hal_uart.o
 .text.HAL_UART_ErrorCallback
                0x0800266c        0x2 Drivers\STM32L0xx_HAL_Driver\Src\stm32l0xx_hal_uart.o
                0x0800266c                HAL_UART_ErrorCallback
 .text.UART_DMAAbortOnError
                0x0800266e       0x14 Drivers\STM32L0xx_HAL_Driver\Src\stm32l0xx_hal_uart.o
 .text.HAL_UARTEx_RxEventCallback
                0x08002682        0x2 Drivers\STM32L0xx_HAL_Driver\Src\stm32l0xx_hal_uart.o
                0x08002682                HAL_UARTEx_RxEventCallback
 .text.HAL_UART_IRQHandler
                0x08002684      0x2cc Drivers\STM32L0xx_HAL_Driver\Src\stm32l0xx_hal_uart.o
                0x08002684                HAL_UART_IRQHandler
 .text.UART_RxISR_8BIT
                0x08002950       0xb4 Drivers\STM32L0xx_HAL_Driver\Src\stm32l0xx_hal_uart.o
 .text.UART_RxISR_16BIT
                0x08002a04       0xb0 Drivers\STM32L0xx_HAL_Driver\Src\stm32l0xx_hal_uart.o
 .text.UART_SetConfig
                0x08002ab4      0x2b8 Drivers\STM32L0xx_HAL_Driver\Src\stm32l0xx_hal_uart.o
                0x08002ab4                UART_SetConfig
 .text.UART_AdvFeatureConfig
                0x08002d6c       0xe0 Drivers\STM32L0xx_HAL_Driver\Src\stm32l0xx_hal_uart.o
                0x08002d6c                UART_AdvFeatureConfig
 .text.UART_WaitOnFlagUntilTimeout
                0x08002e4c       0xd8 Drivers\STM32L0xx_HAL_Driver\Src\stm32l0xx_hal_uart.o
                0x08002e4c                UART_WaitOnFlagUntilTimeout
 .text.HAL_UART_Transmit
                0x08002f24       0xee Drivers\STM32L0xx_HAL_Driver\Src\stm32l0xx_hal_uart.o
                0x08002f24                HAL_UART_Transmit
 *fill*         0x08003012        0x2 
 .text.UART_CheckIdleState
                0x08003014       0x70 Drivers\STM32L0xx_HAL_Driver\Src\stm32l0xx_hal_uart.o
                0x08003014                UART_CheckIdleState
 .text.HAL_UART_Init
                0x08003084       0x6c Drivers\STM32L0xx_HAL_Driver\Src\stm32l0xx_hal_uart.o
                0x08003084                HAL_UART_Init
 .text.UART_Start_Receive_IT
                0x080030f0       0xd8 Drivers\STM32L0xx_HAL_Driver\Src\stm32l0xx_hal_uart.o
                0x080030f0                UART_Start_Receive_IT
 .text.HAL_UART_Receive_IT
                0x080031c8       0x7c Drivers\STM32L0xx_HAL_Driver\Src\stm32l0xx_hal_uart.o
                0x080031c8                HAL_UART_Receive_IT
 .text.HAL_UARTEx_WakeupCallback
                0x08003244        0x2 Drivers\STM32L0xx_HAL_Driver\Src\stm32l0xx_hal_uart_ex.o
                0x08003244                HAL_UARTEx_WakeupCallback
 *fill*         0x08003246        0x2 
 .text.Reset_Handler
                0x08003248       0x50 startup\startup_stm32l053xx.o
                0x08003248                Reset_Handler
 .text.Default_Handler
                0x08003298        0x2 startup\startup_stm32l053xx.o
                0x08003298                TSC_IRQHandler
                0x08003298                PVD_IRQHandler
                0x08003298                I2C1_IRQHandler
                0x08003298                SPI1_IRQHandler
                0x08003298                TIM6_DAC_IRQHandler
                0x08003298                EXTI2_3_IRQHandler
                0x08003298                I2C2_IRQHandler
                0x08003298                RTC_IRQHandler
                0x08003298                LCD_IRQHandler
                0x08003298                DMA1_Channel4_5_6_7_IRQHandler
                0x08003298                EXTI4_15_IRQHandler
                0x08003298                DMA1_Channel1_IRQHandler
                0x08003298                Default_Handler
                0x08003298                TIM22_IRQHandler
                0x08003298                EXTI0_1_IRQHandler
                0x08003298                USB_IRQHandler
                0x08003298                SPI2_IRQHandler
                0x08003298                TIM21_IRQHandler
                0x08003298                WWDG_IRQHandler
                0x08003298                DMA1_Channel2_3_IRQHandler
                0x08003298                FLASH_IRQHandler
                0x08003298                RNG_LPUART1_IRQHandler
                0x08003298                LPTIM1_IRQHandler
 *fill*         0x0800329a        0x2 
 .text.__libc_init_array
                0x0800329c       0x48 d:/programlar/attolic/truestudio for stm32 9.3.0/armtools/bin/../lib/gcc/arm-atollic-eabi/6.3.1/../../../../arm-atollic-eabi/lib/armv6-m\libc_nano.a(lib_a-init.o)
                0x0800329c                __libc_init_array
 .text.memset   0x080032e4       0x10 d:/programlar/attolic/truestudio for stm32 9.3.0/armtools/bin/../lib/gcc/arm-atollic-eabi/6.3.1/../../../../arm-atollic-eabi/lib/armv6-m\libc_nano.a(lib_a-memset.o)
                0x080032e4                memset
 *(.glue_7)
 .glue_7        0x080032f4        0x0 linker stubs
 *(.glue_7t)
 .glue_7t       0x080032f4        0x0 linker stubs
 *(.eh_frame)
 .eh_frame      0x080032f4        0x0 d:/programlar/attolic/truestudio for stm32 9.3.0/armtools/bin/../lib/gcc/arm-atollic-eabi/6.3.1/armv6-m/crtbegin.o
 *(.init)
 .init          0x080032f4        0x4 d:/programlar/attolic/truestudio for stm32 9.3.0/armtools/bin/../lib/gcc/arm-atollic-eabi/6.3.1/armv6-m/crti.o
                0x080032f4                _init
 .init          0x080032f8        0x8 d:/programlar/attolic/truestudio for stm32 9.3.0/armtools/bin/../lib/gcc/arm-atollic-eabi/6.3.1/armv6-m/crtn.o
 *(.fini)
 .fini          0x08003300        0x4 d:/programlar/attolic/truestudio for stm32 9.3.0/armtools/bin/../lib/gcc/arm-atollic-eabi/6.3.1/armv6-m/crti.o
                0x08003300                _fini
 .fini          0x08003304        0x8 d:/programlar/attolic/truestudio for stm32 9.3.0/armtools/bin/../lib/gcc/arm-atollic-eabi/6.3.1/armv6-m/crtn.o
                0x0800330c                . = ALIGN (0x4)
                0x0800330c                _etext = .

.vfp11_veneer   0x0800330c        0x0
 .vfp11_veneer  0x0800330c        0x0 linker stubs

.v4_bx          0x0800330c        0x0
 .v4_bx         0x0800330c        0x0 linker stubs

.iplt           0x0800330c        0x0
 .iplt          0x0800330c        0x0 d:/programlar/attolic/truestudio for stm32 9.3.0/armtools/bin/../lib/gcc/arm-atollic-eabi/6.3.1/armv6-m/crtbegin.o

.rodata         0x0800330c       0x98
                0x0800330c                . = ALIGN (0x4)
 *(.rodata)
 *(.rodata*)
 .rodata.array_kontrol_func.str1.4
                0x0800330c       0x2c Core\Src\main.o
                                 0x2b (size before relaxing)
 .rodata.AHBPrescTable
                0x08003338       0x10 Core\Src\system_stm32l0xx.o
                0x08003338                AHBPrescTable
 .rodata.APBPrescTable
                0x08003348        0x8 Core\Src\system_stm32l0xx.o
                0x08003348                APBPrescTable
 .rodata.PLLMulTable
                0x08003350        0x9 Core\Src\system_stm32l0xx.o
                0x08003350                PLLMulTable
 *fill*         0x08003359        0x3 
 .rodata.UART_SetConfig
                0x0800335c       0x48 Drivers\STM32L0xx_HAL_Driver\Src\stm32l0xx_hal_uart.o
                0x080033a4                . = ALIGN (0x4)

.ARM.extab
 *(.ARM.extab* .gnu.linkonce.armextab.*)

.ARM            0x080033a4        0x8
                0x080033a4                __exidx_start = .
 *(.ARM.exidx*)
 .ARM.exidx     0x080033a4        0x8 d:/programlar/attolic/truestudio for stm32 9.3.0/armtools/bin/../lib/gcc/arm-atollic-eabi/6.3.1/armv6-m\libgcc.a(_udivmoddi4.o)
                0x080033ac                __exidx_end = .

.rel.dyn        0x080033ac        0x0
 .rel.iplt      0x080033ac        0x0 d:/programlar/attolic/truestudio for stm32 9.3.0/armtools/bin/../lib/gcc/arm-atollic-eabi/6.3.1/armv6-m/crtbegin.o

.preinit_array  0x080033ac        0x0
                0x080033ac                PROVIDE (__preinit_array_start, .)
 *(.preinit_array*)
                0x080033ac                PROVIDE (__preinit_array_end, .)

.init_array     0x080033ac        0x4
                0x080033ac                PROVIDE (__init_array_start, .)
 *(SORT(.init_array.*))
 *(.init_array*)
 .init_array    0x080033ac        0x4 d:/programlar/attolic/truestudio for stm32 9.3.0/armtools/bin/../lib/gcc/arm-atollic-eabi/6.3.1/armv6-m/crtbegin.o
                0x080033b0                PROVIDE (__init_array_end, .)

.fini_array     0x080033b0        0x4
                [!provide]                PROVIDE (__fini_array_start, .)
 *(SORT(.fini_array.*))
 *(.fini_array*)
 .fini_array    0x080033b0        0x4 d:/programlar/attolic/truestudio for stm32 9.3.0/armtools/bin/../lib/gcc/arm-atollic-eabi/6.3.1/armv6-m/crtbegin.o
                [!provide]                PROVIDE (__fini_array_end, .)
                0x080033b4                _sidata = LOADADDR (.data)

.data           0x20000000       0x98 load address 0x080033b4
                0x20000000                . = ALIGN (0x4)
                0x20000000                _sdata = .
 *(.data)
 *(.data*)
 .data.GL_istenen_bekleme_suresi_ms
                0x20000000        0x4 Core\Src\main.o
                0x20000000                GL_istenen_bekleme_suresi_ms
 .data.GL_istenen_tur_sayisi
                0x20000004        0x4 Core\Src\main.o
                0x20000004                GL_istenen_tur_sayisi
 .data.GL_timer_enable_flag
                0x20000008        0x1 Core\Src\main.o
                0x20000008                GL_timer_enable_flag
 *fill*         0x20000009        0x3 
 .data.myRxData
                0x2000000c       0x10 Core\Src\main.o
                0x2000000c                myRxData
 .data.myTxData
                0x2000001c       0x64 Core\Src\main.o
                0x2000001c                myTxData
 .data.paket_icindeki_data_arrayi
                0x20000080        0xc Core\Src\main.o
                0x20000080                paket_icindeki_data_arrayi
 .data.SystemCoreClock
                0x2000008c        0x4 Core\Src\system_stm32l0xx.o
                0x2000008c                SystemCoreClock
 .data.uwTickFreq
                0x20000090        0x1 Drivers\STM32L0xx_HAL_Driver\Src\stm32l0xx_hal.o
                0x20000090                uwTickFreq
 *fill*         0x20000091        0x3 
 .data.uwTickPrio
                0x20000094        0x4 Drivers\STM32L0xx_HAL_Driver\Src\stm32l0xx_hal.o
                0x20000094                uwTickPrio
                0x20000098                . = ALIGN (0x4)
                0x20000098                _edata = .

.igot.plt       0x20000098        0x0 load address 0x0800344c
 .igot.plt      0x20000098        0x0 d:/programlar/attolic/truestudio for stm32 9.3.0/armtools/bin/../lib/gcc/arm-atollic-eabi/6.3.1/armv6-m/crtbegin.o
                0x20000098                . = ALIGN (0x4)

.bss            0x20000098      0x25c load address 0x0800344c
                0x20000098                _sbss = .
                0x20000098                __bss_start__ = _sbss
 *(.bss)
 .bss           0x20000098       0x1c d:/programlar/attolic/truestudio for stm32 9.3.0/armtools/bin/../lib/gcc/arm-atollic-eabi/6.3.1/armv6-m/crtbegin.o
 *(.bss*)
 .bss.GL_motor_is_yapmaya_basladi_flag
                0x200000b4        0x1 Core\Src\main.o
                0x200000b4                GL_motor_is_yapmaya_basladi_flag
 *fill*         0x200000b5        0x3 
 .bss.GL_timer_1ms_flag
                0x200000b8        0x4 Core\Src\main.o
                0x200000b8                GL_timer_1ms_flag
 .bss.basladi_flag
                0x200000bc        0x1 Core\Src\main.o
                0x200000bc                basladi_flag
 .bss.bitti_flag
                0x200000bd        0x1 Core\Src\main.o
                0x200000bd                bitti_flag
 .bss.emir_no_boyut
                0x200000be        0x1 Core\Src\main.o
                0x200000be                emir_no_boyut
 *fill*         0x200000bf        0x1 
 .bss.emir_no_sayac
                0x200000c0        0x4 Core\Src\main.o
                0x200000c0                emir_no_sayac
 .bss.motor_dur_flag
                0x200000c4        0x1 Core\Src\main.o
                0x200000c4                motor_dur_flag
 *fill*         0x200000c5        0x3 
 .bss.paket_aldim_flag
                0x200000c8        0x4 Core\Src\main.o
                0x200000c8                paket_aldim_flag
 .bss.paket_index
                0x200000cc        0x1 Core\Src\main.o
                0x200000cc                paket_index
 *fill*         0x200000cd        0x3 
 .bss.pulse_sayisi
                0x200000d0        0x4 Core\Src\main.o
                0x200000d0                pulse_sayisi
 .bss.sag_flag  0x200000d4        0x1 Core\Src\main.o
                0x200000d4                sag_flag
 .bss.sol_flag  0x200000d5        0x1 Core\Src\main.o
                0x200000d5                sol_flag
 .bss.tam_flag  0x200000d6        0x1 Core\Src\main.o
                0x200000d6                tam_flag
 *fill*         0x200000d7        0x1 
 .bss.tur_sayisi
                0x200000d8        0x4 Core\Src\main.o
                0x200000d8                tur_sayisi
 *(COMMON)
 COMMON         0x200000dc      0x211 Core\Src\main.o
                0x200000dc                pres
                0x200000e0                excel_emir_no_array
                0x200000e4                Gl_tur
                0x200000ec                data_satir_sayisi
                0x200000f0                Gl_step
                0x200000f5                bir
                0x200000f6                motor_istenen_tur_sayisi
                0x200000f7                iki
                0x200000f8                huart1
                0x2000017c                excel_emir_tekrar_sayisi_array
                0x20000180                hrtc
                0x200001a4                Gl_sol_flag
                0x200001a5                Gl_sag_flag
                0x200001a8                excel_bekleme_suresi_array
                0x200001ac                count
                0x200001b0                excel_adim_sayisi_array
                0x200001b4                uc
                0x200001b5                toplam
                0x200001b8                Gl_frekans
                0x200001c0                htim2
                0x20000200                huart2
                0x20000284                GL_frekans_degeri
                0x20000288                Gl_saniye
                0x2000028d                sifir
                0x20000290                hadc
                0x200002ec                Gl_adim_dondurme_flag
 *fill*         0x200002ed        0x3 
 COMMON         0x200002f0        0x4 Drivers\STM32L0xx_HAL_Driver\Src\stm32l0xx_hal.o
                0x200002f0                uwTick
                0x200002f4                . = ALIGN (0x4)
                0x200002f4                _ebss = .
                0x200002f4                __bss_end__ = _ebss

._user_heap_stack
                0x200002f4      0x600 load address 0x0800344c
                0x200002f4                . = ALIGN (0x4)
                0x200002f4                PROVIDE (end, .)
                [!provide]                PROVIDE (_end, .)
                0x200004f4                . = (. + _Min_Heap_Size)
 *fill*         0x200002f4      0x200 
                0x200008f4                . = (. + _Min_Stack_Size)
 *fill*         0x200004f4      0x400 
                0x200008f4                . = ALIGN (0x4)

/DISCARD/
 libc.a(*)
 libm.a(*)
 libgcc.a(*)

.ARM.attributes
                0x00000000       0x28
 *(.ARM.attributes)
 .ARM.attributes
                0x00000000       0x1e d:/programlar/attolic/truestudio for stm32 9.3.0/armtools/bin/../lib/gcc/arm-atollic-eabi/6.3.1/armv6-m/crti.o
 .ARM.attributes
                0x0000001e       0x2c d:/programlar/attolic/truestudio for stm32 9.3.0/armtools/bin/../lib/gcc/arm-atollic-eabi/6.3.1/armv6-m/crtbegin.o
 .ARM.attributes
                0x0000004a       0x32 Core\Src\main.o
 .ARM.attributes
                0x0000007c       0x32 Core\Src\stm32l0xx_hal_msp.o
 .ARM.attributes
                0x000000ae       0x32 Core\Src\stm32l0xx_it.o
 .ARM.attributes
                0x000000e0       0x32 Core\Src\system_stm32l0xx.o
 .ARM.attributes
                0x00000112       0x32 Drivers\STM32L0xx_HAL_Driver\Src\stm32l0xx_hal.o
 .ARM.attributes
                0x00000144       0x32 Drivers\STM32L0xx_HAL_Driver\Src\stm32l0xx_hal_adc.o
 .ARM.attributes
                0x00000176       0x32 Drivers\STM32L0xx_HAL_Driver\Src\stm32l0xx_hal_cortex.o
 .ARM.attributes
                0x000001a8       0x32 Drivers\STM32L0xx_HAL_Driver\Src\stm32l0xx_hal_dma.o
 .ARM.attributes
                0x000001da       0x32 Drivers\STM32L0xx_HAL_Driver\Src\stm32l0xx_hal_gpio.o
 .ARM.attributes
                0x0000020c       0x32 Drivers\STM32L0xx_HAL_Driver\Src\stm32l0xx_hal_rcc.o
 .ARM.attributes
                0x0000023e       0x32 Drivers\STM32L0xx_HAL_Driver\Src\stm32l0xx_hal_rcc_ex.o
 .ARM.attributes
                0x00000270       0x32 Drivers\STM32L0xx_HAL_Driver\Src\stm32l0xx_hal_rtc.o
 .ARM.attributes
                0x000002a2       0x32 Drivers\STM32L0xx_HAL_Driver\Src\stm32l0xx_hal_tim.o
 .ARM.attributes
                0x000002d4       0x32 Drivers\STM32L0xx_HAL_Driver\Src\stm32l0xx_hal_tim_ex.o
 .ARM.attributes
                0x00000306       0x32 Drivers\STM32L0xx_HAL_Driver\Src\stm32l0xx_hal_uart.o
 .ARM.attributes
                0x00000338       0x32 Drivers\STM32L0xx_HAL_Driver\Src\stm32l0xx_hal_uart_ex.o
 .ARM.attributes
                0x0000036a       0x22 startup\startup_stm32l053xx.o
 .ARM.attributes
                0x0000038c       0x2c d:/programlar/attolic/truestudio for stm32 9.3.0/armtools/bin/../lib/gcc/arm-atollic-eabi/6.3.1/../../../../arm-atollic-eabi/lib/armv6-m\libc_nano.a(lib_a-init.o)
 .ARM.attributes
                0x000003b8       0x2c d:/programlar/attolic/truestudio for stm32 9.3.0/armtools/bin/../lib/gcc/arm-atollic-eabi/6.3.1/../../../../arm-atollic-eabi/lib/armv6-m\libc_nano.a(lib_a-memset.o)
 .ARM.attributes
                0x000003e4       0x1e d:/programlar/attolic/truestudio for stm32 9.3.0/armtools/bin/../lib/gcc/arm-atollic-eabi/6.3.1/armv6-m\libgcc.a(_udivsi3.o)
 .ARM.attributes
                0x00000402       0x1e d:/programlar/attolic/truestudio for stm32 9.3.0/armtools/bin/../lib/gcc/arm-atollic-eabi/6.3.1/armv6-m\libgcc.a(_dvmd_tls.o)
 .ARM.attributes
                0x00000420       0x1e d:/programlar/attolic/truestudio for stm32 9.3.0/armtools/bin/../lib/gcc/arm-atollic-eabi/6.3.1/armv6-m\libgcc.a(_aeabi_uldivmod.o)
 .ARM.attributes
                0x0000043e       0x2c d:/programlar/attolic/truestudio for stm32 9.3.0/armtools/bin/../lib/gcc/arm-atollic-eabi/6.3.1/armv6-m\libgcc.a(_muldi3.o)
 .ARM.attributes
                0x0000046a       0x2c d:/programlar/attolic/truestudio for stm32 9.3.0/armtools/bin/../lib/gcc/arm-atollic-eabi/6.3.1/armv6-m\libgcc.a(_udivmoddi4.o)
 .ARM.attributes
                0x00000496       0x1e d:/programlar/attolic/truestudio for stm32 9.3.0/armtools/bin/../lib/gcc/arm-atollic-eabi/6.3.1/armv6-m\libgcc.a(_clzdi2.o)
 .ARM.attributes
                0x000004b4       0x1e d:/programlar/attolic/truestudio for stm32 9.3.0/armtools/bin/../lib/gcc/arm-atollic-eabi/6.3.1/armv6-m\libgcc.a(_clzsi2.o)
 .ARM.attributes
                0x000004d2       0x1e d:/programlar/attolic/truestudio for stm32 9.3.0/armtools/bin/../lib/gcc/arm-atollic-eabi/6.3.1/armv6-m/crtn.o
OUTPUT(STEP_MOTOR_0004.elf elf32-littlearm)

.debug_info     0x00000000    0x133d3
 .debug_info    0x00000000     0x2b99 Core\Src\main.o
 .debug_info    0x00002b99     0x153a Core\Src\stm32l0xx_hal_msp.o
 .debug_info    0x000040d3      0xd4a Core\Src\stm32l0xx_it.o
 .debug_info    0x00004e1d      0x33b Core\Src\system_stm32l0xx.o
 .debug_info    0x00005158      0x8fa Drivers\STM32L0xx_HAL_Driver\Src\stm32l0xx_hal.o
 .debug_info    0x00005a52      0xf6f Drivers\STM32L0xx_HAL_Driver\Src\stm32l0xx_hal_adc.o
 .debug_info    0x000069c1      0x9ce Drivers\STM32L0xx_HAL_Driver\Src\stm32l0xx_hal_cortex.o
 .debug_info    0x0000738f      0x85d Drivers\STM32L0xx_HAL_Driver\Src\stm32l0xx_hal_dma.o
 .debug_info    0x00007bec      0x726 Drivers\STM32L0xx_HAL_Driver\Src\stm32l0xx_hal_gpio.o
 .debug_info    0x00008312      0xc60 Drivers\STM32L0xx_HAL_Driver\Src\stm32l0xx_hal_rcc.o
 .debug_info    0x00008f72      0x94e Drivers\STM32L0xx_HAL_Driver\Src\stm32l0xx_hal_rcc_ex.o
 .debug_info    0x000098c0      0xe84 Drivers\STM32L0xx_HAL_Driver\Src\stm32l0xx_hal_rtc.o
 .debug_info    0x0000a744     0x3516 Drivers\STM32L0xx_HAL_Driver\Src\stm32l0xx_hal_tim.o
 .debug_info    0x0000dc5a      0x764 Drivers\STM32L0xx_HAL_Driver\Src\stm32l0xx_hal_tim_ex.o
 .debug_info    0x0000e3be     0x4133 Drivers\STM32L0xx_HAL_Driver\Src\stm32l0xx_hal_uart.o
 .debug_info    0x000124f1      0xe68 Drivers\STM32L0xx_HAL_Driver\Src\stm32l0xx_hal_uart_ex.o
 .debug_info    0x00013359       0x7a startup\startup_stm32l053xx.o

.debug_abbrev   0x00000000     0x2304
 .debug_abbrev  0x00000000      0x3b1 Core\Src\main.o
 .debug_abbrev  0x000003b1      0x227 Core\Src\stm32l0xx_hal_msp.o
 .debug_abbrev  0x000005d8      0x18f Core\Src\stm32l0xx_it.o
 .debug_abbrev  0x00000767      0x126 Core\Src\system_stm32l0xx.o
 .debug_abbrev  0x0000088d      0x24d Drivers\STM32L0xx_HAL_Driver\Src\stm32l0xx_hal.o
 .debug_abbrev  0x00000ada      0x21b Drivers\STM32L0xx_HAL_Driver\Src\stm32l0xx_hal_adc.o
 .debug_abbrev  0x00000cf5      0x259 Drivers\STM32L0xx_HAL_Driver\Src\stm32l0xx_hal_cortex.o
 .debug_abbrev  0x00000f4e      0x1f6 Drivers\STM32L0xx_HAL_Driver\Src\stm32l0xx_hal_dma.o
 .debug_abbrev  0x00001144      0x1ca Drivers\STM32L0xx_HAL_Driver\Src\stm32l0xx_hal_gpio.o
 .debug_abbrev  0x0000130e      0x27d Drivers\STM32L0xx_HAL_Driver\Src\stm32l0xx_hal_rcc.o
 .debug_abbrev  0x0000158b      0x1f3 Drivers\STM32L0xx_HAL_Driver\Src\stm32l0xx_hal_rcc_ex.o
 .debug_abbrev  0x0000177e      0x1e9 Drivers\STM32L0xx_HAL_Driver\Src\stm32l0xx_hal_rtc.o
 .debug_abbrev  0x00001967      0x23d Drivers\STM32L0xx_HAL_Driver\Src\stm32l0xx_hal_tim.o
 .debug_abbrev  0x00001ba4      0x1b5 Drivers\STM32L0xx_HAL_Driver\Src\stm32l0xx_hal_tim_ex.o
 .debug_abbrev  0x00001d59      0x2e0 Drivers\STM32L0xx_HAL_Driver\Src\stm32l0xx_hal_uart.o
 .debug_abbrev  0x00002039      0x2b9 Drivers\STM32L0xx_HAL_Driver\Src\stm32l0xx_hal_uart_ex.o
 .debug_abbrev  0x000022f2       0x12 startup\startup_stm32l053xx.o

.debug_loc      0x00000000     0xb043
 .debug_loc     0x00000000      0x344 Core\Src\main.o
 .debug_loc     0x00000344      0x16f Core\Src\stm32l0xx_hal_msp.o
 .debug_loc     0x000004b3      0x1a2 Core\Src\system_stm32l0xx.o
 .debug_loc     0x00000655      0x17d Drivers\STM32L0xx_HAL_Driver\Src\stm32l0xx_hal.o
 .debug_loc     0x000007d2      0xb87 Drivers\STM32L0xx_HAL_Driver\Src\stm32l0xx_hal_adc.o
 .debug_loc     0x00001359      0x3d8 Drivers\STM32L0xx_HAL_Driver\Src\stm32l0xx_hal_cortex.o
 .debug_loc     0x00001731      0x7a6 Drivers\STM32L0xx_HAL_Driver\Src\stm32l0xx_hal_dma.o
 .debug_loc     0x00001ed7      0x306 Drivers\STM32L0xx_HAL_Driver\Src\stm32l0xx_hal_gpio.o
 .debug_loc     0x000021dd      0x540 Drivers\STM32L0xx_HAL_Driver\Src\stm32l0xx_hal_rcc.o
 .debug_loc     0x0000271d      0x9aa Drivers\STM32L0xx_HAL_Driver\Src\stm32l0xx_hal_rcc_ex.o
 .debug_loc     0x000030c7      0xa61 Drivers\STM32L0xx_HAL_Driver\Src\stm32l0xx_hal_rtc.o
 .debug_loc     0x00003b28     0x4964 Drivers\STM32L0xx_HAL_Driver\Src\stm32l0xx_hal_tim.o
 .debug_loc     0x0000848c       0xb1 Drivers\STM32L0xx_HAL_Driver\Src\stm32l0xx_hal_tim_ex.o
 .debug_loc     0x0000853d     0x2314 Drivers\STM32L0xx_HAL_Driver\Src\stm32l0xx_hal_uart.o
 .debug_loc     0x0000a851      0x7f2 Drivers\STM32L0xx_HAL_Driver\Src\stm32l0xx_hal_uart_ex.o

.debug_aranges  0x00000000      0xdf8
 .debug_aranges
                0x00000000       0xc0 Core\Src\main.o
 .debug_aranges
                0x000000c0       0x60 Core\Src\stm32l0xx_hal_msp.o
 .debug_aranges
                0x00000120       0x68 Core\Src\stm32l0xx_it.o
 .debug_aranges
                0x00000188       0x28 Core\Src\system_stm32l0xx.o
 .debug_aranges
                0x000001b0      0x110 Drivers\STM32L0xx_HAL_Driver\Src\stm32l0xx_hal.o
 .debug_aranges
                0x000002c0      0x100 Drivers\STM32L0xx_HAL_Driver\Src\stm32l0xx_hal_adc.o
 .debug_aranges
                0x000003c0       0x90 Drivers\STM32L0xx_HAL_Driver\Src\stm32l0xx_hal_cortex.o
 .debug_aranges
                0x00000450       0x80 Drivers\STM32L0xx_HAL_Driver\Src\stm32l0xx_hal_dma.o
 .debug_aranges
                0x000004d0       0x58 Drivers\STM32L0xx_HAL_Driver\Src\stm32l0xx_hal_gpio.o
 .debug_aranges
                0x00000528       0x80 Drivers\STM32L0xx_HAL_Driver\Src\stm32l0xx_hal_rcc.o
 .debug_aranges
                0x000005a8       0xb0 Drivers\STM32L0xx_HAL_Driver\Src\stm32l0xx_hal_rcc_ex.o
 .debug_aranges
                0x00000658       0xe0 Drivers\STM32L0xx_HAL_Driver\Src\stm32l0xx_hal_rtc.o
 .debug_aranges
                0x00000738      0x3d0 Drivers\STM32L0xx_HAL_Driver\Src\stm32l0xx_hal_tim.o
 .debug_aranges
                0x00000b08       0x28 Drivers\STM32L0xx_HAL_Driver\Src\stm32l0xx_hal_tim_ex.o
 .debug_aranges
                0x00000b30      0x228 Drivers\STM32L0xx_HAL_Driver\Src\stm32l0xx_hal_uart.o
 .debug_aranges
                0x00000d58       0x78 Drivers\STM32L0xx_HAL_Driver\Src\stm32l0xx_hal_uart_ex.o
 .debug_aranges
                0x00000dd0       0x28 startup\startup_stm32l053xx.o

.debug_ranges   0x00000000      0xdc8
 .debug_ranges  0x00000000       0xf8 Core\Src\main.o
 .debug_ranges  0x000000f8       0x50 Core\Src\stm32l0xx_hal_msp.o
 .debug_ranges  0x00000148       0x58 Core\Src\stm32l0xx_it.o
 .debug_ranges  0x000001a0       0x18 Core\Src\system_stm32l0xx.o
 .debug_ranges  0x000001b8      0x100 Drivers\STM32L0xx_HAL_Driver\Src\stm32l0xx_hal.o
 .debug_ranges  0x000002b8       0xf0 Drivers\STM32L0xx_HAL_Driver\Src\stm32l0xx_hal_adc.o
 .debug_ranges  0x000003a8       0xe0 Drivers\STM32L0xx_HAL_Driver\Src\stm32l0xx_hal_cortex.o
 .debug_ranges  0x00000488       0x70 Drivers\STM32L0xx_HAL_Driver\Src\stm32l0xx_hal_dma.o
 .debug_ranges  0x000004f8       0x48 Drivers\STM32L0xx_HAL_Driver\Src\stm32l0xx_hal_gpio.o
 .debug_ranges  0x00000540       0xa0 Drivers\STM32L0xx_HAL_Driver\Src\stm32l0xx_hal_rcc.o
 .debug_ranges  0x000005e0       0xa0 Drivers\STM32L0xx_HAL_Driver\Src\stm32l0xx_hal_rcc_ex.o
 .debug_ranges  0x00000680       0xd0 Drivers\STM32L0xx_HAL_Driver\Src\stm32l0xx_hal_rtc.o
 .debug_ranges  0x00000750      0x3c0 Drivers\STM32L0xx_HAL_Driver\Src\stm32l0xx_hal_tim.o
 .debug_ranges  0x00000b10       0x18 Drivers\STM32L0xx_HAL_Driver\Src\stm32l0xx_hal_tim_ex.o
 .debug_ranges  0x00000b28      0x218 Drivers\STM32L0xx_HAL_Driver\Src\stm32l0xx_hal_uart.o
 .debug_ranges  0x00000d40       0x68 Drivers\STM32L0xx_HAL_Driver\Src\stm32l0xx_hal_uart_ex.o
 .debug_ranges  0x00000da8       0x20 startup\startup_stm32l053xx.o

.debug_line     0x00000000     0x6f5c
 .debug_line    0x00000000      0x66b Core\Src\main.o
 .debug_line    0x0000066b      0x36b Core\Src\stm32l0xx_hal_msp.o
 .debug_line    0x000009d6      0x2c9 Core\Src\stm32l0xx_it.o
 .debug_line    0x00000c9f      0x1de Core\Src\system_stm32l0xx.o
 .debug_line    0x00000e7d      0x461 Drivers\STM32L0xx_HAL_Driver\Src\stm32l0xx_hal.o
 .debug_line    0x000012de      0x724 Drivers\STM32L0xx_HAL_Driver\Src\stm32l0xx_hal_adc.o
 .debug_line    0x00001a02      0x408 Drivers\STM32L0xx_HAL_Driver\Src\stm32l0xx_hal_cortex.o
 .debug_line    0x00001e0a      0x425 Drivers\STM32L0xx_HAL_Driver\Src\stm32l0xx_hal_dma.o
 .debug_line    0x0000222f      0x348 Drivers\STM32L0xx_HAL_Driver\Src\stm32l0xx_hal_gpio.o
 .debug_line    0x00002577      0x516 Drivers\STM32L0xx_HAL_Driver\Src\stm32l0xx_hal_rcc.o
 .debug_line    0x00002a8d      0x535 Drivers\STM32L0xx_HAL_Driver\Src\stm32l0xx_hal_rcc_ex.o
 .debug_line    0x00002fc2      0x622 Drivers\STM32L0xx_HAL_Driver\Src\stm32l0xx_hal_rtc.o
 .debug_line    0x000035e4     0x1a89 Drivers\STM32L0xx_HAL_Driver\Src\stm32l0xx_hal_tim.o
 .debug_line    0x0000506d      0x279 Drivers\STM32L0xx_HAL_Driver\Src\stm32l0xx_hal_tim_ex.o
 .debug_line    0x000052e6     0x1637 Drivers\STM32L0xx_HAL_Driver\Src\stm32l0xx_hal_uart.o
 .debug_line    0x0000691d      0x5bd Drivers\STM32L0xx_HAL_Driver\Src\stm32l0xx_hal_uart_ex.o
 .debug_line    0x00006eda       0x82 startup\startup_stm32l053xx.o

.debug_str      0x00000000     0x49bc
 .debug_str     0x00000000     0x1a10 Core\Src\main.o
                               0x1bb8 (size before relaxing)
 .debug_str     0x00001a10      0x2b3 Core\Src\stm32l0xx_hal_msp.o
                               0x1064 (size before relaxing)
 .debug_str     0x00001cc3      0x106 Core\Src\stm32l0xx_it.o
                                0xc3e (size before relaxing)
 .debug_str     0x00001dc9       0x61 Core\Src\system_stm32l0xx.o
                                0x34e (size before relaxing)
 .debug_str     0x00001e2a      0x383 Drivers\STM32L0xx_HAL_Driver\Src\stm32l0xx_hal.o
                                0x894 (size before relaxing)
 .debug_str     0x000021ad      0x2ac Drivers\STM32L0xx_HAL_Driver\Src\stm32l0xx_hal_adc.o
                                0xa2f (size before relaxing)
 .debug_str     0x00002459      0x330 Drivers\STM32L0xx_HAL_Driver\Src\stm32l0xx_hal_cortex.o
                                0x7df (size before relaxing)
 .debug_str     0x00002789      0x248 Drivers\STM32L0xx_HAL_Driver\Src\stm32l0xx_hal_dma.o
                                0x70c (size before relaxing)
 .debug_str     0x000029d1       0xf5 Drivers\STM32L0xx_HAL_Driver\Src\stm32l0xx_hal_gpio.o
                                0x526 (size before relaxing)
 .debug_str     0x00002ac6      0x1c2 Drivers\STM32L0xx_HAL_Driver\Src\stm32l0xx_hal_rcc.o
                                0x77e (size before relaxing)
 .debug_str     0x00002c88      0x338 Drivers\STM32L0xx_HAL_Driver\Src\stm32l0xx_hal_rcc_ex.o
                                0x86a (size before relaxing)
 .debug_str     0x00002fc0      0x327 Drivers\STM32L0xx_HAL_Driver\Src\stm32l0xx_hal_rtc.o
                                0x80e (size before relaxing)
 .debug_str     0x000032e7      0xd6b Drivers\STM32L0xx_HAL_Driver\Src\stm32l0xx_hal_tim.o
                               0x1660 (size before relaxing)
 .debug_str     0x00004052       0x51 Drivers\STM32L0xx_HAL_Driver\Src\stm32l0xx_hal_tim_ex.o
                                0x815 (size before relaxing)
 .debug_str     0x000040a3      0x73c Drivers\STM32L0xx_HAL_Driver\Src\stm32l0xx_hal_uart.o
                                0xff0 (size before relaxing)
 .debug_str     0x000047df      0x1dd Drivers\STM32L0xx_HAL_Driver\Src\stm32l0xx_hal_uart_ex.o
                                0x9ae (size before relaxing)

.comment        0x00000000       0x7c
 .comment       0x00000000       0x7c Core\Src\main.o
                                 0x7d (size before relaxing)
 .comment       0x0000007c       0x7d Core\Src\stm32l0xx_hal_msp.o
 .comment       0x0000007c       0x7d Core\Src\stm32l0xx_it.o
 .comment       0x0000007c       0x7d Core\Src\system_stm32l0xx.o
 .comment       0x0000007c       0x7d Drivers\STM32L0xx_HAL_Driver\Src\stm32l0xx_hal.o
 .comment       0x0000007c       0x7d Drivers\STM32L0xx_HAL_Driver\Src\stm32l0xx_hal_adc.o
 .comment       0x0000007c       0x7d Drivers\STM32L0xx_HAL_Driver\Src\stm32l0xx_hal_cortex.o
 .comment       0x0000007c       0x7d Drivers\STM32L0xx_HAL_Driver\Src\stm32l0xx_hal_dma.o
 .comment       0x0000007c       0x7d Drivers\STM32L0xx_HAL_Driver\Src\stm32l0xx_hal_gpio.o
 .comment       0x0000007c       0x7d Drivers\STM32L0xx_HAL_Driver\Src\stm32l0xx_hal_rcc.o
 .comment       0x0000007c       0x7d Drivers\STM32L0xx_HAL_Driver\Src\stm32l0xx_hal_rcc_ex.o
 .comment       0x0000007c       0x7d Drivers\STM32L0xx_HAL_Driver\Src\stm32l0xx_hal_rtc.o
 .comment       0x0000007c       0x7d Drivers\STM32L0xx_HAL_Driver\Src\stm32l0xx_hal_tim.o
 .comment       0x0000007c       0x7d Drivers\STM32L0xx_HAL_Driver\Src\stm32l0xx_hal_tim_ex.o
 .comment       0x0000007c       0x7d Drivers\STM32L0xx_HAL_Driver\Src\stm32l0xx_hal_uart.o
 .comment       0x0000007c       0x7d Drivers\STM32L0xx_HAL_Driver\Src\stm32l0xx_hal_uart_ex.o

.debug_frame    0x00000000     0x24a0
 .debug_frame   0x00000000      0x218 Core\Src\main.o
 .debug_frame   0x00000218       0xe0 Core\Src\stm32l0xx_hal_msp.o
 .debug_frame   0x000002f8       0xd8 Core\Src\stm32l0xx_it.o
 .debug_frame   0x000003d0       0x38 Core\Src\system_stm32l0xx.o
 .debug_frame   0x00000408      0x22c Drivers\STM32L0xx_HAL_Driver\Src\stm32l0xx_hal.o
 .debug_frame   0x00000634      0x2bc Drivers\STM32L0xx_HAL_Driver\Src\stm32l0xx_hal_adc.o
 .debug_frame   0x000008f0      0x114 Drivers\STM32L0xx_HAL_Driver\Src\stm32l0xx_hal_cortex.o
 .debug_frame   0x00000a04      0x150 Drivers\STM32L0xx_HAL_Driver\Src\stm32l0xx_hal_dma.o
 .debug_frame   0x00000b54       0xc0 Drivers\STM32L0xx_HAL_Driver\Src\stm32l0xx_hal_gpio.o
 .debug_frame   0x00000c14      0x144 Drivers\STM32L0xx_HAL_Driver\Src\stm32l0xx_hal_rcc.o
 .debug_frame   0x00000d58      0x170 Drivers\STM32L0xx_HAL_Driver\Src\stm32l0xx_hal_rcc_ex.o
 .debug_frame   0x00000ec8      0x258 Drivers\STM32L0xx_HAL_Driver\Src\stm32l0xx_hal_rtc.o
 .debug_frame   0x00001120      0xac4 Drivers\STM32L0xx_HAL_Driver\Src\stm32l0xx_hal_tim.o
 .debug_frame   0x00001be4       0x3c Drivers\STM32L0xx_HAL_Driver\Src\stm32l0xx_hal_tim_ex.o
 .debug_frame   0x00001c20      0x648 Drivers\STM32L0xx_HAL_Driver\Src\stm32l0xx_hal_uart.o
 .debug_frame   0x00002268      0x15c Drivers\STM32L0xx_HAL_Driver\Src\stm32l0xx_hal_uart_ex.o
 .debug_frame   0x000023c4       0x2c d:/programlar/attolic/truestudio for stm32 9.3.0/armtools/bin/../lib/gcc/arm-atollic-eabi/6.3.1/../../../../arm-atollic-eabi/lib/armv6-m\libc_nano.a(lib_a-init.o)
 .debug_frame   0x000023f0       0x20 d:/programlar/attolic/truestudio for stm32 9.3.0/armtools/bin/../lib/gcc/arm-atollic-eabi/6.3.1/../../../../arm-atollic-eabi/lib/armv6-m\libc_nano.a(lib_a-memset.o)
 .debug_frame   0x00002410       0x20 d:/programlar/attolic/truestudio for stm32 9.3.0/armtools/bin/../lib/gcc/arm-atollic-eabi/6.3.1/armv6-m\libgcc.a(_udivsi3.o)
 .debug_frame   0x00002430       0x34 d:/programlar/attolic/truestudio for stm32 9.3.0/armtools/bin/../lib/gcc/arm-atollic-eabi/6.3.1/armv6-m\libgcc.a(_muldi3.o)
 .debug_frame   0x00002464       0x3c d:/programlar/attolic/truestudio for stm32 9.3.0/armtools/bin/../lib/gcc/arm-atollic-eabi/6.3.1/armv6-m\libgcc.a(_udivmoddi4.o)
