main.c:1028:13:MX_GPIO_Init	48	static
main.c:125:6:stepper_initialize	8	static
main.c:154:6:timer2_start_stop	16	static
main.c:165:5:tur_hesapla	8	static
main.c:251:5:sifir_dongusu	0	static
main.c:286:6:my_tx_data_deger	0	static
main.c:330:6:buffer_temzileme	0	static
main.c:303:6:excel_my_tx_data_deger	8	static
main.c:266:6:port_acildi_paket	8	static
main.c:351:6:excel_paket	24	static
main.c:443:9:son_paket_bulma	0	static
main.c:461:6:ayar_baslat_duraklat_bitir	8	static
main.c:477:6:acil_stop_paket	8	static
main.c:495:6:adim_dondurme_paket	16	static
main.c:190:6:paket_parser	8	static
main.c:539:6:anlik_paketler	0	static
main.c:623:6:HAL_TIM_PeriodElapsedCallback	8	static
main.c:666:6:HAL_UART_RxCpltCallback	8	static
main.c:676:9:motor_is_yap	8	static
main.c:1071:6:Error_Handler	0	static
main.c:913:13:MX_TIM2_Init	32	static
main.c:878:13:MX_RTC_Init	8	static
main.c:824:13:MX_ADC_Init	16	static
main.c:993:13:MX_USART2_UART_Init	8	static
main.c:958:13:MX_USART1_UART_Init	8	static
main.c:771:6:SystemClock_Config	120	static
main.c:705:5:main	8	static
